// Jest Snapshot v1, https://goo.gl/fbAQLP

exports[`[3] Matches snapshot from 1.29.2023 1`] = `
<div
  className="App"
>
  <div
    className="sc-guDLRT bNzAoU MuiBox-root css-i9gxme"
  >
    <header
      className="MuiPaper-root MuiPaper-elevation MuiPaper-elevation4 MuiAppBar-root MuiAppBar-colorPrimary MuiAppBar-positionStatic sc-dmyDGi kSFurc css-hip9hq-MuiPaper-root-MuiAppBar-root"
    >
      <h1
        className="MuiTypography-root MuiTypography-h4 css-5lbw0b-MuiTypography-root"
      >
        Risk Battleodds Calculator
      </h1>
      <h2
        className="MuiTypography-root MuiTypography-h6 css-2ulfj5-MuiTypography-root"
      >
        Author: Adam Hinton
      </h2>
      <div
        className="MuiToolbar-root MuiToolbar-gutters MuiToolbar-regular sc-hLQRIN eIiLDE css-hyum1k-MuiToolbar-root"
      >
        <a
          className="MuiTypography-root MuiTypography-inherit MuiLink-root MuiLink-underlineAlways sc-eDLJxc dFIrVB css-1ps4owl-MuiTypography-root-MuiLink-root"
          href="https://github.com/adamhinton/risk-battleodds-calculator"
          onBlur={[Function]}
          onFocus={[Function]}
          target="_blank"
        >
          Source Code
        </a>
        <a
          className="MuiTypography-root MuiTypography-inherit MuiLink-root MuiLink-underlineAlways sc-eDLJxc dFIrVB css-1ps4owl-MuiTypography-root-MuiLink-root"
          href="https://www.linkedin.com/in/adam-hinton/"
          onBlur={[Function]}
          onFocus={[Function]}
          target="_blank"
        >
          LinkedIn
        </a>
        <a
          className="MuiTypography-root MuiTypography-inherit MuiLink-root MuiLink-underlineAlways sc-eDLJxc dFIrVB css-1ps4owl-MuiTypography-root-MuiLink-root"
          href="https://www.google.com"
          onBlur={[Function]}
          onFocus={[Function]}
        >
          Google
        </a>
      </div>
    </header>
  </div>
  <main>
    <form
      onSubmit={[Function]}
    >
      <div>
        <label
          className="MuiFormLabel-root MuiInputLabel-root MuiInputLabel-animated MuiFormLabel-colorPrimary MuiInputLabel-root MuiInputLabel-animated css-9npbnl-MuiFormLabel-root-MuiInputLabel-root"
          htmlFor="attackers"
        >
          Attackers:
        </label>
        <input
          className="sc-beySbM iTRUCx"
          data-testid="attackers-input"
          id="attackers"
          name="attackerCount"
          onChange={[Function]}
          type="number"
          value={10}
        />
      </div>
      <div>
        <label
          className="MuiFormLabel-root MuiInputLabel-root MuiInputLabel-animated MuiFormLabel-colorPrimary MuiInputLabel-root MuiInputLabel-animated css-9npbnl-MuiFormLabel-root-MuiInputLabel-root"
          htmlFor="defenders"
        >
          Defenders:
        </label>
        <input
          className="sc-beySbM iTRUCx"
          data-testid="defenders-input"
          id="defenders"
          name="defenderCount"
          onChange={[Function]}
          type="text"
          value="10"
        />
      </div>
      <div>
        <label
          className="MuiFormLabel-root MuiInputLabel-root MuiInputLabel-animated MuiFormLabel-colorPrimary MuiInputLabel-root MuiInputLabel-animated css-9npbnl-MuiFormLabel-root-MuiInputLabel-root"
          htmlFor="simulations"
        >
          Number of Simulations:
        </label>
        <input
          data-testid="numsimulations-input"
          id="simulations"
          min="1"
          name="numSimulations"
          onChange={[Function]}
          type="number"
          value={1000}
        />
      </div>
      <div>
        <button
          className="MuiButtonBase-root MuiButton-root MuiButton-outlined MuiButton-outlinedPrimary MuiButton-sizeMedium MuiButton-outlinedSizeMedium MuiButton-root MuiButton-outlined MuiButton-outlinedPrimary MuiButton-sizeMedium MuiButton-outlinedSizeMedium css-1rwt2y5-MuiButtonBase-root-MuiButton-root"
          data-testid="submit-btn"
          disabled={false}
          onBlur={[Function]}
          onContextMenu={[Function]}
          onDragLeave={[Function]}
          onFocus={[Function]}
          onKeyDown={[Function]}
          onKeyUp={[Function]}
          onMouseDown={[Function]}
          onMouseLeave={[Function]}
          onMouseUp={[Function]}
          onTouchEnd={[Function]}
          onTouchMove={[Function]}
          onTouchStart={[Function]}
          tabIndex={0}
          type="submit"
        >
          Run Simulation
        </button>
      </div>
      <div
        className="Toastify"
      />
    </form>
  </main>
</div>
`;
