// Jest Snapshot v1, https://goo.gl/fbAQLP

exports[`[3] Matches snapshot from 1.29.2023 1`] = `
<div
  className="App"
>
  <header />
  <h1>
    Adam Hinton
  </h1>
  <form
    onSubmit={[Function]}
  >
    <div>
      <label
        htmlFor="attackers"
      >
        Attackers:
      </label>
      <input
        data-testid="attackers-input"
        id="attackers"
        min="1"
        name="attackerCount"
        onChange={[Function]}
        type="number"
        value={10}
      />
    </div>
    <div>
      <label
        htmlFor="defenders"
      >
        Defenders:
      </label>
      <input
        data-testid="defenders-input"
        id="defenders"
        min="1"
        name="defenderCount"
        onChange={[Function]}
        type="text"
        value="10"
      />
    </div>
    <div>
      <label
        htmlFor="simulations"
      >
        Number of Simulations:
      </label>
      <input
        data-testid="numsimulations-input"
        id="simulations"
        min="1"
        name="numSimulations"
        onChange={[Function]}
        type="number"
        value={1000}
      />
    </div>
    <div>
      <button
        data-testid="submit-btn"
        type="submit"
      >
        Run Simulation
      </button>
    </div>
    <div
      className="Toastify"
    />
  </form>
</div>
`;
