// Jest Snapshot v1, https://goo.gl/fbAQLP

exports[`[3] Matches screenshot from 1.29.2023 1`] = `
<form
  onSubmit={[Function]}
>
  <div>
    <label
      className="MuiFormLabel-root MuiInputLabel-root MuiInputLabel-animated MuiFormLabel-colorPrimary MuiInputLabel-root MuiInputLabel-animated css-9npbnl-MuiFormLabel-root-MuiInputLabel-root"
      htmlFor="attackers"
    >
      Attackers:
    </label>
    <input
      className="sc-beySbM iTRUCx"
      data-testid="attackers-input"
      id="attackers"
      name="attackerCount"
      onChange={[Function]}
      type="number"
      value={10}
    />
  </div>
  <div>
    <label
      className="MuiFormLabel-root MuiInputLabel-root MuiInputLabel-animated MuiFormLabel-colorPrimary MuiInputLabel-root MuiInputLabel-animated css-9npbnl-MuiFormLabel-root-MuiInputLabel-root"
      htmlFor="defenders"
    >
      Defenders:
    </label>
    <input
      className="sc-beySbM iTRUCx"
      data-testid="defenders-input"
      id="defenders"
      name="defenderCount"
      onChange={[Function]}
      type="text"
      value="10"
    />
  </div>
  <div>
    <label
      className="MuiFormLabel-root MuiInputLabel-root MuiInputLabel-animated MuiFormLabel-colorPrimary MuiInputLabel-root MuiInputLabel-animated css-9npbnl-MuiFormLabel-root-MuiInputLabel-root"
      htmlFor="simulations"
    >
      Number of Simulations:
    </label>
    <input
      data-testid="numsimulations-input"
      id="simulations"
      min="1"
      name="numSimulations"
      onChange={[Function]}
      type="number"
      value={1000}
    />
  </div>
  <div>
    <button
      className="MuiButtonBase-root MuiButton-root MuiButton-outlined MuiButton-outlinedPrimary MuiButton-sizeMedium MuiButton-outlinedSizeMedium MuiButton-root MuiButton-outlined MuiButton-outlinedPrimary MuiButton-sizeMedium MuiButton-outlinedSizeMedium css-1rwt2y5-MuiButtonBase-root-MuiButton-root"
      data-testid="submit-btn"
      disabled={false}
      onBlur={[Function]}
      onContextMenu={[Function]}
      onDragLeave={[Function]}
      onFocus={[Function]}
      onKeyDown={[Function]}
      onKeyUp={[Function]}
      onMouseDown={[Function]}
      onMouseLeave={[Function]}
      onMouseUp={[Function]}
      onTouchEnd={[Function]}
      onTouchMove={[Function]}
      onTouchStart={[Function]}
      tabIndex={0}
      type="submit"
    >
      Run Simulation
    </button>
  </div>
  <div
    className="Toastify"
  />
</form>
`;
