// Jest Snapshot v1, https://goo.gl/fbAQLP

exports[`[4] Matches screenshot from 3.1.2023 1`] = `
<div
  className="sc-aXZVg eNdqFO"
  data-testid="results-display"
>
  <div
    className="sc-gEvEer gpKhgh"
  >
    <h2
      className="sc-eqUAAy dUZjhb"
      data-testid="results-h2"
      style={
        Object {
          "fontSize": "1.5rem",
          "fontWeight": 600,
        }
      }
    >
      Simulation Results
    </h2>
  </div>
  <div
    className="sc-fqkvVR iFhmLF"
  >
    <span
      className="sc-dcJsrY dXqsXN"
      style={
        Object {
          "fontSize": "0.9rem",
          "fontWeight": 400,
        }
      }
    >
      Attacker Wins:
    </span>
    <span
      className="sc-iGgWBj cTgybg"
      data-testid="results-attacker-occupies"
      style={
        Object {
          "fontSize": "0.9rem",
          "fontWeight": 400,
        }
      }
    >
      50.0%
    </span>
  </div>
  <div
    className="sc-fqkvVR iFhmLF"
  >
    <span
      className="sc-dcJsrY dXqsXN"
      style={
        Object {
          "fontSize": "0.9rem",
          "fontWeight": 400,
        }
      }
    >
      Defender Holds:
    </span>
    <span
      className="sc-iGgWBj cTgybg"
      data-testid="results-defenderholds"
      style={
        Object {
          "fontSize": "0.9rem",
          "fontWeight": 400,
        }
      }
    >
      50.0%
    </span>
  </div>
  <div
    className="sc-fqkvVR iFhmLF"
  >
    <span
      className="sc-dcJsrY dXqsXN"
      style={
        Object {
          "fontSize": "0.9rem",
          "fontWeight": 400,
        }
      }
    >
      Average Attackers Remaining:
    </span>
    <span
      className="sc-iGgWBj cTgybg"
      data-testid="results-avg-attackers-left"
      style={
        Object {
          "fontSize": "0.9rem",
          "fontWeight": 400,
        }
      }
    >
      16.0
    </span>
  </div>
  <div
    className="sc-fqkvVR iFhmLF"
  >
    <span
      className="sc-dcJsrY dXqsXN"
      style={
        Object {
          "fontSize": "0.9rem",
          "fontWeight": 400,
        }
      }
    >
      Average Defenders Remaining:
    </span>
    <span
      className="sc-iGgWBj cTgybg"
      data-testid="results-avg-defenders-left"
      style={
        Object {
          "fontSize": "0.9rem",
          "fontWeight": 400,
        }
      }
    >
      8.0
    </span>
  </div>
</div>
`;
